Archive member included to satisfy reference by file (symbol)

C:/ST/STM32CubeIDE_1.16.0/STM32CubeIDE/plugins/com.st.stm32cube.ide.mcu.externaltools.gnu-tools-for-stm32.12.3.rel1.win32_1.0.200.202406191623/tools/bin/../lib/gcc/arm-none-eabi/12.3.1/../../../../arm-none-eabi/lib/thumb/v7e-m+fp/hard\libc_nano.a(libc_a-exit.o)
                              C:/ST/STM32CubeIDE_1.16.0/STM32CubeIDE/plugins/com.st.stm32cube.ide.mcu.externaltools.gnu-tools-for-stm32.12.3.rel1.win32_1.0.200.202406191623/tools/bin/../lib/gcc/arm-none-eabi/12.3.1/../../../../arm-none-eabi/lib/thumb/v7e-m+fp/hard/crt0.o (exit)
C:/ST/STM32CubeIDE_1.16.0/STM32CubeIDE/plugins/com.st.stm32cube.ide.mcu.externaltools.gnu-tools-for-stm32.12.3.rel1.win32_1.0.200.202406191623/tools/bin/../lib/gcc/arm-none-eabi/12.3.1/../../../../arm-none-eabi/lib/thumb/v7e-m+fp/hard\libc_nano.a(libc_a-findfp.o)
                              C:/ST/STM32CubeIDE_1.16.0/STM32CubeIDE/plugins/com.st.stm32cube.ide.mcu.externaltools.gnu-tools-for-stm32.12.3.rel1.win32_1.0.200.202406191623/tools/bin/../lib/gcc/arm-none-eabi/12.3.1/../../../../arm-none-eabi/lib/thumb/v7e-m+fp/hard\libc_nano.a(libc_a-exit.o) (__stdio_exit_handler)
C:/ST/STM32CubeIDE_1.16.0/STM32CubeIDE/plugins/com.st.stm32cube.ide.mcu.externaltools.gnu-tools-for-stm32.12.3.rel1.win32_1.0.200.202406191623/tools/bin/../lib/gcc/arm-none-eabi/12.3.1/../../../../arm-none-eabi/lib/thumb/v7e-m+fp/hard\libc_nano.a(libc_a-fwalk.o)
                              C:/ST/STM32CubeIDE_1.16.0/STM32CubeIDE/plugins/com.st.stm32cube.ide.mcu.externaltools.gnu-tools-for-stm32.12.3.rel1.win32_1.0.200.202406191623/tools/bin/../lib/gcc/arm-none-eabi/12.3.1/../../../../arm-none-eabi/lib/thumb/v7e-m+fp/hard\libc_nano.a(libc_a-findfp.o) (_fwalk_sglue)
C:/ST/STM32CubeIDE_1.16.0/STM32CubeIDE/plugins/com.st.stm32cube.ide.mcu.externaltools.gnu-tools-for-stm32.12.3.rel1.win32_1.0.200.202406191623/tools/bin/../lib/gcc/arm-none-eabi/12.3.1/../../../../arm-none-eabi/lib/thumb/v7e-m+fp/hard\libc_nano.a(libc_a-stdio.o)
                              C:/ST/STM32CubeIDE_1.16.0/STM32CubeIDE/plugins/com.st.stm32cube.ide.mcu.externaltools.gnu-tools-for-stm32.12.3.rel1.win32_1.0.200.202406191623/tools/bin/../lib/gcc/arm-none-eabi/12.3.1/../../../../arm-none-eabi/lib/thumb/v7e-m+fp/hard\libc_nano.a(libc_a-findfp.o) (__sread)
C:/ST/STM32CubeIDE_1.16.0/STM32CubeIDE/plugins/com.st.stm32cube.ide.mcu.externaltools.gnu-tools-for-stm32.12.3.rel1.win32_1.0.200.202406191623/tools/bin/../lib/gcc/arm-none-eabi/12.3.1/../../../../arm-none-eabi/lib/thumb/v7e-m+fp/hard\libc_nano.a(libc_a-memset.o)
                              C:/ST/STM32CubeIDE_1.16.0/STM32CubeIDE/plugins/com.st.stm32cube.ide.mcu.externaltools.gnu-tools-for-stm32.12.3.rel1.win32_1.0.200.202406191623/tools/bin/../lib/gcc/arm-none-eabi/12.3.1/../../../../arm-none-eabi/lib/thumb/v7e-m+fp/hard/crt0.o (memset)
C:/ST/STM32CubeIDE_1.16.0/STM32CubeIDE/plugins/com.st.stm32cube.ide.mcu.externaltools.gnu-tools-for-stm32.12.3.rel1.win32_1.0.200.202406191623/tools/bin/../lib/gcc/arm-none-eabi/12.3.1/../../../../arm-none-eabi/lib/thumb/v7e-m+fp/hard\libc_nano.a(libc_a-closer.o)
                              C:/ST/STM32CubeIDE_1.16.0/STM32CubeIDE/plugins/com.st.stm32cube.ide.mcu.externaltools.gnu-tools-for-stm32.12.3.rel1.win32_1.0.200.202406191623/tools/bin/../lib/gcc/arm-none-eabi/12.3.1/../../../../arm-none-eabi/lib/thumb/v7e-m+fp/hard\libc_nano.a(libc_a-stdio.o) (_close_r)
C:/ST/STM32CubeIDE_1.16.0/STM32CubeIDE/plugins/com.st.stm32cube.ide.mcu.externaltools.gnu-tools-for-stm32.12.3.rel1.win32_1.0.200.202406191623/tools/bin/../lib/gcc/arm-none-eabi/12.3.1/../../../../arm-none-eabi/lib/thumb/v7e-m+fp/hard\libc_nano.a(libc_a-reent.o)
                              C:/ST/STM32CubeIDE_1.16.0/STM32CubeIDE/plugins/com.st.stm32cube.ide.mcu.externaltools.gnu-tools-for-stm32.12.3.rel1.win32_1.0.200.202406191623/tools/bin/../lib/gcc/arm-none-eabi/12.3.1/../../../../arm-none-eabi/lib/thumb/v7e-m+fp/hard\libc_nano.a(libc_a-closer.o) (errno)
C:/ST/STM32CubeIDE_1.16.0/STM32CubeIDE/plugins/com.st.stm32cube.ide.mcu.externaltools.gnu-tools-for-stm32.12.3.rel1.win32_1.0.200.202406191623/tools/bin/../lib/gcc/arm-none-eabi/12.3.1/../../../../arm-none-eabi/lib/thumb/v7e-m+fp/hard\libc_nano.a(libc_a-impure.o)
                              C:/ST/STM32CubeIDE_1.16.0/STM32CubeIDE/plugins/com.st.stm32cube.ide.mcu.externaltools.gnu-tools-for-stm32.12.3.rel1.win32_1.0.200.202406191623/tools/bin/../lib/gcc/arm-none-eabi/12.3.1/../../../../arm-none-eabi/lib/thumb/v7e-m+fp/hard\libc_nano.a(libc_a-reent.o) (_impure_ptr)
C:/ST/STM32CubeIDE_1.16.0/STM32CubeIDE/plugins/com.st.stm32cube.ide.mcu.externaltools.gnu-tools-for-stm32.12.3.rel1.win32_1.0.200.202406191623/tools/bin/../lib/gcc/arm-none-eabi/12.3.1/../../../../arm-none-eabi/lib/thumb/v7e-m+fp/hard\libc_nano.a(libc_a-lseekr.o)
[...]
Memory Configuration

Name             Origin             Length             Attributes
RAM              0x20000000         0x00010000         xrw
FLASH            0x08000000         0x00040000         xr
*default*        0x00000000         0xffffffff

Linker script and memory map

LOAD C:/ST/STM32CubeIDE_1.16.0/STM32CubeIDE/plugins/com.st.stm32cube.ide.mcu.externaltools.gnu-tools-for-stm32.12.3.rel1.win32_1.0.200.202406191623/tools/bin/../lib/gcc/arm-none-eabi/12.3.1/thumb/v7e-m+fp/hard/crti.o
LOAD C:/ST/STM32CubeIDE_1.16.0/STM32CubeIDE/plugins/com.st.stm32cube.ide.mcu.externaltools.gnu-tools-for-stm32.12.3.rel1.win32_1.0.200.202406191623/tools/bin/../lib/gcc/arm-none-eabi/12.3.1/thumb/v7e-m+fp/hard/crtbegin.o
LOAD C:/ST/STM32CubeIDE_1.16.0/STM32CubeIDE/plugins/com.st.stm32cube.ide.mcu.externaltools.gnu-tools-for-stm32.12.3.rel1.win32_1.0.200.202406191623/tools/bin/../lib/gcc/arm-none-eabi/12.3.1/../../../../arm-none-eabi/lib/thumb/v7e-m+fp/hard/crt0.o
LOAD ./Core/Src/main.o
LOAD ./Core/Src/stm32f4xx_hal_msp.o
LOAD ./Core/Src/stm32f4xx_hal_timebase_tim.o
LOAD ./Core/Src/stm32f4xx_it.o
LOAD ./Core/Src/syscalls.o
LOAD ./Core/Src/system_stm32f4xx.o
LOAD ./Core/Startup/startup_stm32f401ccux.o
LOAD ./Drivers/STM32F4xx_HAL_Driver/Src/stm32f4xx_hal.o
LOAD ./Drivers/STM32F4xx_HAL_Driver/Src/stm32f4xx_hal_adc.o
LOAD ./Drivers/STM32F4xx_HAL_Driver/Src/stm32f4xx_hal_adc_ex.o
LOAD ./Drivers/STM32F4xx_HAL_Driver/Src/stm32f4xx_hal_cortex.o
LOAD ./Drivers/STM32F4xx_HAL_Driver/Src/stm32f4xx_hal_dma.o
LOAD ./Drivers/STM32F4xx_HAL_Driver/Src/stm32f4xx_hal_dma_ex.o
LOAD ./Drivers/STM32F4xx_HAL_Driver/Src/stm32f4xx_hal_exti.o
LOAD ./Drivers/STM32F4xx_HAL_Driver/Src/stm32f4xx_hal_flash.o
LOAD ./Drivers/STM32F4xx_HAL_Driver/Src/stm32f4xx_hal_flash_ex.o
LOAD ./Drivers/STM32F4xx_HAL_Driver/Src/stm32f4xx_hal_flash_ramfunc.o
LOAD ./Drivers/STM32F4xx_HAL_Driver/Src/stm32f4xx_hal_gpio.o
LOAD ./Drivers/STM32F4xx_HAL_Driver/Src/stm32f4xx_hal_pwr.o
LOAD ./Drivers/STM32F4xx_HAL_Driver/Src/stm32f4xx_hal_pwr_ex.o
LOAD ./Drivers/STM32F4xx_HAL_Driver/Src/stm32f4xx_hal_rcc.o
LOAD ./Drivers/STM32F4xx_HAL_Driver/Src/stm32f4xx_hal_rcc_ex.o
LOAD ./Drivers/STM32F4xx_HAL_Driver/Src/stm32f4xx_hal_tim.o
LOAD ./Drivers/STM32F4xx_HAL_Driver/Src/stm32f4xx_hal_tim_ex.o
LOAD ./thirdparty/FreeRTOS/Source/croutine.o
LOAD ./thirdparty/FreeRTOS/Source/event_groups.o
LOAD ./thirdparty/FreeRTOS/Source/list.o
LOAD ./thirdparty/FreeRTOS/Source/queue.o
LOAD ./thirdparty/FreeRTOS/Source/stream_buffer.o
LOAD ./thirdparty/FreeRTOS/Source/tasks.o
LOAD ./thirdparty/FreeRTOS/Source/timers.o
LOAD ./thirdparty/FreeRTOS/Source/portable/GCC/ARM_CM4F/port.o
LOAD ./thirdparty/FreeRTOS/Source/portable/MemMang/heap_4.o
START GROUP
LOAD C:/ST/STM32CubeIDE_1.16.0/STM32CubeIDE/plugins/com.st.stm32cube.ide.mcu.externaltools.gnu-tools-for-stm32.12.3.rel1.win32_1.0.200.202406191623/tools/bin/../lib/gcc/arm-none-eabi/12.3.1/../../../../arm-none-eabi/lib/thumb/v7e-m+fp/hard\libc_nano.a
LOAD C:/ST/STM32CubeIDE_1.16.0/STM32CubeIDE/plugins/com.st.stm32cube.ide.mcu.externaltools.gnu-tools-for-stm32.12.3.rel1.win32_1.0.200.202406191623/tools/bin/../lib/gcc/arm-none-eabi/12.3.1/../../../../arm-none-eabi/lib/thumb/v7e-m+fp/hard\libm.a
END GROUP
START GROUP
LOAD C:/ST/STM32CubeIDE_1.16.0/STM32CubeIDE/plugins/com.st.stm32cube.ide.mcu.externaltools.gnu-tools-for-stm32.12.3.rel1.win32_1.0.200.202406191623/tools/bin/../lib/gcc/arm-none-eabi/12.3.1/thumb/v7e-m+fp/hard\libgcc.a
LOAD C:/ST/STM32CubeIDE_1.16.0/STM32CubeIDE/plugins/com.st.stm32cube.ide.mcu.externaltools.gnu-tools-for-stm32.12.3.rel1.win32_1.0.200.202406191623/tools/bin/../lib/gcc/arm-none-eabi/12.3.1/../../../../arm-none-eabi/lib/thumb/v7e-m+fp/hard\libc_nano.a
END GROUP
START GROUP
LOAD C:/ST/STM32CubeIDE_1.16.0/STM32CubeIDE/plugins/com.st.stm32cube.ide.mcu.externaltools.gnu-tools-for-stm32.12.3.rel1.win32_1.0.200.202406191623/tools/bin/../lib/gcc/arm-none-eabi/12.3.1/thumb/v7e-m+fp/hard\libgcc.a
LOAD C:/ST/STM32CubeIDE_1.16.0/STM32CubeIDE/plugins/com.st.stm32cube.ide.mcu.externaltools.gnu-tools-for-stm32.12.3.rel1.win32_1.0.200.202406191623/tools/bin/../lib/gcc/arm-none-eabi/12.3.1/../../../../arm-none-eabi/lib/thumb/v7e-m+fp/hard\libc_nano.a
LOAD C:/ST/STM32CubeIDE_1.16.0/STM32CubeIDE/plugins/com.st.stm32cube.ide.mcu.externaltools.gnu-tools-for-stm32.12.3.rel1.win32_1.0.200.202406191623/tools/bin/../lib/gcc/arm-none-eabi/12.3.1/../../../../arm-none-eabi/lib/thumb/v7e-m+fp/hard\libnosys.a
END GROUP
START GROUP
LOAD C:/ST/STM32CubeIDE_1.16.0/STM32CubeIDE/plugins/com.st.stm32cube.ide.mcu.externaltools.gnu-tools-for-stm32.12.3.rel1.win32_1.0.200.202406191623/tools/bin/../lib/gcc/arm-none-eabi/12.3.1/thumb/v7e-m+fp/hard\libgcc.a
LOAD C:/ST/STM32CubeIDE_1.16.0/STM32CubeIDE/plugins/com.st.stm32cube.ide.mcu.externaltools.gnu-tools-for-stm32.12.3.rel1.win32_1.0.200.202406191623/tools/bin/../lib/gcc/arm-none-eabi/12.3.1/../../../../arm-none-eabi/lib/thumb/v7e-m+fp/hard\libc_nano.a
LOAD C:/ST/STM32CubeIDE_1.16.0/STM32CubeIDE/plugins/com.st.stm32cube.ide.mcu.externaltools.gnu-tools-for-stm32.12.3.rel1.win32_1.0.200.202406191623/tools/bin/../lib/gcc/arm-none-eabi/12.3.1/../../../../arm-none-eabi/lib/thumb/v7e-m+fp/hard\libnosys.a
END GROUP
LOAD C:/ST/STM32CubeIDE_1.16.0/STM32CubeIDE/plugins/com.st.stm32cube.ide.mcu.externaltools.gnu-tools-for-stm32.12.3.rel1.win32_1.0.200.202406191623/tools/bin/../lib/gcc/arm-none-eabi/12.3.1/thumb/v7e-m+fp/hard/crtend.o
LOAD C:/ST/STM32CubeIDE_1.16.0/STM32CubeIDE/plugins/com.st.stm32cube.ide.mcu.externaltools.gnu-tools-for-stm32.12.3.rel1.win32_1.0.200.202406191623/tools/bin/../lib/gcc/arm-none-eabi/12.3.1/thumb/v7e-m+fp/hard/crtn.o
                0x20010000                        _estack = (ORIGIN (RAM) + LENGTH (RAM))
                0x00000100                        _Min_Heap_Size = 0x100
                0x00000200                        _Min_Stack_Size = 0x200

.isr_vector     0x08000000      0x194
                0x08000000                        . = ALIGN (0x4)
 *(.isr_vector)
 .isr_vector    0x08000000      0x194 ./Core/Startup/startup_stm32f401ccux.o
                0x08000000                g_pfnVectors
                0x08000194                        . = ALIGN (0x4)

.text           0x080001a0     0x44d8
                0x080001a0                        . = ALIGN (0x4)
 *(.text)
 .text          0x080001a0       0x40 C:/ST/STM32CubeIDE_1.16.0/STM32CubeIDE/plugins/com.st.stm32cube.ide.mcu.externaltools.gnu-tools-for-stm32.12.3.rel1.win32_1.0.200.202406191623/tools/bin/../lib/gcc/arm-none-eabi/12.3.1/thumb/v7e-m+fp/hard/crtbegin.o
 .text          0x080001e0       0x30 C:/ST/STM32CubeIDE_1.16.0/STM32CubeIDE/plugins/com.st.stm32cube.ide.mcu.externaltools.gnu-tools-for-stm32.12.3.rel1.win32_1.0.200.202406191623/tools/bin/../lib/gcc/arm-none-eabi/12.3.1/thumb/v7e-m+fp/hard\libgcc.a(_aeabi_uldivmod.o)
                0x080001e0                __aeabi_uldivmod
 .text          0x08000210      0x2bc C:/ST/STM32CubeIDE_1.16.0/STM32CubeIDE/plugins/com.st.stm32cube.ide.mcu.externaltools.gnu-tools-for-stm32.12.3.rel1.win32_1.0.200.202406191623/tools/bin/../lib/gcc/arm-none-eabi/12.3.1/thumb/v7e-m+fp/hard\libgcc.a(_udivmoddi4.o)
                0x08000210                __udivmoddi4
 .text          0x080004cc        0x4 C:/ST/STM32CubeIDE_1.16.0/STM32CubeIDE/plugins/com.st.stm32cube.ide.mcu.externaltools.gnu-tools-for-stm32.12.3.rel1.win32_1.0.200.202406191623/tools/bin/../lib/gcc/arm-none-eabi/12.3.1/thumb/v7e-m+fp/hard\libgcc.a(_dvmd_tls.o)
                0x080004cc                __aeabi_idiv0
                0x080004cc                __aeabi_ldiv0
 *(.text*)
 .text.main     0x080004d0       0x3c ./Core/Src/main.o
                0x080004d0                main
 .text.SystemClock_Config
                0x0800050c       0xc0 ./Core/Src/main.o
                0x0800050c                SystemClock_Config
 .text.MX_GPIO_Init
                0x080005cc       0xa4 ./Core/Src/main.o
 .text.MX_ADC1_Init
                0x08000670       0xc8 ./Core/Src/main.o
 .text.potentiometer_task
                0x08000738       0x58 ./Core/Src/main.o
 .text.Error_Handler
                0x08000790        0xc ./Core/Src/main.o
                0x08000790                Error_Handler
 .text.HAL_MspInit
                0x0800079c       0x50 ./Core/Src/stm32f4xx_hal_msp.o
                0x0800079c                HAL_MspInit
 .text.HAL_InitTick
                0x080007ec       0xf8 ./Core/Src/stm32f4xx_hal_timebase_tim.o
                0x080007ec                HAL_InitTick
 .text.NMI_Handler
                0x080008e4        0x8 ./Core/Src/stm32f4xx_it.o
                0x080008e4                NMI_Handler
 .text.HardFault_Handler
                0x080008ec        0x8 ./Core/Src/stm32f4xx_it.o
                0x080008ec                HardFault_Handler
 .text.MemManage_Handler
                0x080008f4        0x8 ./Core/Src/stm32f4xx_it.o
                0x080008f4                MemManage_Handler
 .text.BusFault_Handler
                0x080008fc        0x8 ./Core/Src/stm32f4xx_it.o
                0x080008fc                BusFault_Handler
 .text.UsageFault_Handler
                0x08000904        0x8 ./Core/Src/stm32f4xx_it.o
                0x08000904                UsageFault_Handler
 .text.DebugMon_Handler
                0x0800090c        0xe ./Core/Src/stm32f4xx_it.o
                0x0800090c                DebugMon_Handler
 *fill*         0x0800091a        0x2 
 .text.TIM5_IRQHandler
                0x0800091c       0x14 ./Core/Src/stm32f4xx_it.o
                0x0800091c                TIM5_IRQHandler
 .text.SystemInit
                0x08000930       0x24 ./Core/Src/system_stm32f4xx.o
                0x08000930                SystemInit
 .text.Reset_Handler
                0x08000954       0x50 ./Core/Startup/startup_stm32f401ccux.o
                0x08000954                Reset_Handler
 .text.Default_Handler
                0x080009a4        0x2 ./Core/Startup/startup_stm32f401ccux.o
                0x080009a4                RTC_Alarm_IRQHandler
                0x080009a4                EXTI2_IRQHandler
                0x080009a4                SPI4_IRQHandler
                0x080009a4                TIM1_CC_IRQHandler
                0x080009a4                DMA2_Stream5_IRQHandler
                0x080009a4                DMA1_Stream5_IRQHandler
                0x080009a4                PVD_IRQHandler
                0x080009a4                SDIO_IRQHandler
                0x080009a4                TAMP_STAMP_IRQHandler
                0x080009a4                EXTI3_IRQHandler
                0x080009a4                TIM1_UP_TIM10_IRQHandler
                0x080009a4                I2C3_ER_IRQHandler
                0x080009a4                EXTI0_IRQHandler
                0x080009a4                I2C2_EV_IRQHandler
                0x080009a4                DMA1_Stream2_IRQHandler
                0x080009a4                FPU_IRQHandler
                0x080009a4                DMA2_Stream2_IRQHandler
                0x080009a4                SPI1_IRQHandler
                0x080009a4                TIM1_BRK_TIM9_IRQHandler
                0x080009a4                DMA2_Stream3_IRQHandler
                0x080009a4                USART6_IRQHandler
                0x080009a4                DMA2_Stream0_IRQHandler
                0x080009a4                TIM4_IRQHandler
                0x080009a4                I2C1_EV_IRQHandler
                0x080009a4                DMA1_Stream6_IRQHandler
                0x080009a4                DMA1_Stream1_IRQHandler
                0x080009a4                TIM3_IRQHandler
                0x080009a4                RCC_IRQHandler
                0x080009a4                Default_Handler
                0x080009a4                EXTI15_10_IRQHandler
                0x080009a4                ADC_IRQHandler
                0x080009a4                DMA1_Stream7_IRQHandler
                0x080009a4                DMA2_Stream7_IRQHandler
                0x080009a4                I2C3_EV_IRQHandler
                0x080009a4                EXTI9_5_IRQHandler
                0x080009a4                RTC_WKUP_IRQHandler
                0x080009a4                SPI2_IRQHandler
                0x080009a4                DMA1_Stream0_IRQHandler
                0x080009a4                EXTI4_IRQHandler
                0x080009a4                WWDG_IRQHandler
                0x080009a4                TIM2_IRQHandler
                0x080009a4                OTG_FS_WKUP_IRQHandler
                0x080009a4                TIM1_TRG_COM_TIM11_IRQHandler
                0x080009a4                EXTI1_IRQHandler
                0x080009a4                USART2_IRQHandler
                0x080009a4                I2C2_ER_IRQHandler
                0x080009a4                DMA2_Stream1_IRQHandler
                0x080009a4                FLASH_IRQHandler
                0x080009a4                DMA2_Stream4_IRQHandler
                0x080009a4                USART1_IRQHandler
                0x080009a4                OTG_FS_IRQHandler
                0x080009a4                SPI3_IRQHandler
                0x080009a4                DMA1_Stream4_IRQHandler
                0x080009a4                I2C1_ER_IRQHandler
                0x080009a4                DMA2_Stream6_IRQHandler
                0x080009a4                DMA1_Stream3_IRQHandler
 *fill*         0x080009a6        0x2 
 .text.HAL_Init
                0x080009a8       0x44 ./Drivers/STM32F4xx_HAL_Driver/Src/stm32f4xx_hal.o
                0x080009a8                HAL_Init
 .text.HAL_GetTick
                0x080009ec       0x18 ./Drivers/STM32F4xx_HAL_Driver/Src/stm32f4xx_hal.o
                0x080009ec                HAL_GetTick
 .text.HAL_ADC_Init
                0x08000a04       0x52 ./Drivers/STM32F4xx_HAL_Driver/Src/stm32f4xx_hal_adc.o
                0x08000a04                HAL_ADC_Init
 .text.HAL_ADC_MspInit
                0x08000a56       0x14 ./Drivers/STM32F4xx_HAL_Driver/Src/stm32f4xx_hal_adc.o
                0x08000a56                HAL_ADC_MspInit
 *fill*         0x08000a6a        0x2 
 .text.HAL_ADC_Start
                0x08000a6c       0xd8 ./Drivers/STM32F4xx_HAL_Driver/Src/stm32f4xx_hal_adc.o
                0x08000a6c                HAL_ADC_Start
 .text.HAL_ADC_PollForConversion
                0x08000b44       0x7e ./Drivers/STM32F4xx_HAL_Driver/Src/stm32f4xx_hal_adc.o
                0x08000b44                HAL_ADC_PollForConversion
 .text.HAL_ADC_GetValue
                0x08000bc2       0x1a ./Drivers/STM32F4xx_HAL_Driver/Src/stm32f4xx_hal_adc.o
                0x08000bc2                HAL_ADC_GetValue
 .text.HAL_ADC_ConfigChannel
                0x08000bdc      0x208 ./Drivers/STM32F4xx_HAL_Driver/Src/stm32f4xx_hal_adc.o
                0x08000bdc                HAL_ADC_ConfigChannel
 .text.ADC_Init
                0x08000de4      0x1e8 ./Drivers/STM32F4xx_HAL_Driver/Src/stm32f4xx_hal_adc.o
 .text.__NVIC_SetPriorityGrouping
                0x08000fcc       0x48 ./Drivers/STM32F4xx_HAL_Driver/Src/stm32f4xx_hal_cortex.o
 .text.__NVIC_GetPriorityGrouping
                0x08001014       0x1c ./Drivers/STM32F4xx_HAL_Driver/Src/stm32f4xx_hal_cortex.o
 .text.__NVIC_EnableIRQ
                0x08001030       0x3c ./Drivers/STM32F4xx_HAL_Driver/Src/stm32f4xx_hal_cortex.o
 .text.__NVIC_SetPriority
                0x0800106c       0x54 ./Drivers/STM32F4xx_HAL_Driver/Src/stm32f4xx_hal_cortex.o
 .text.NVIC_EncodePriority
                0x080010c0       0x66 ./Drivers/STM32F4xx_HAL_Driver/Src/stm32f4xx_hal_cortex.o
 .text.HAL_NVIC_SetPriorityGrouping
                0x08001126       0x16 ./Drivers/STM32F4xx_HAL_Driver/Src/stm32f4xx_hal_cortex.o
                0x08001126                HAL_NVIC_SetPriorityGrouping
 .text.HAL_NVIC_SetPriority
                0x0800113c       0x38 ./Drivers/STM32F4xx_HAL_Driver/Src/stm32f4xx_hal_cortex.o
                0x0800113c                HAL_NVIC_SetPriority
 .text.HAL_NVIC_EnableIRQ
                0x08001174       0x1c ./Drivers/STM32F4xx_HAL_Driver/Src/stm32f4xx_hal_cortex.o
                0x08001174                HAL_NVIC_EnableIRQ
 .text.HAL_GPIO_Init
                0x08001190      0x308 ./Drivers/STM32F4xx_HAL_Driver/Src/stm32f4xx_hal_gpio.o
                0x08001190                HAL_GPIO_Init
 .text.HAL_GPIO_WritePin
                0x08001498       0x32 ./Drivers/STM32F4xx_HAL_Driver/Src/stm32f4xx_hal_gpio.o
                0x08001498                HAL_GPIO_WritePin
 *fill*         0x080014ca        0x2 
 .text.HAL_RCC_OscConfig
                0x080014cc      0x4f0 ./Drivers/STM32F4xx_HAL_Driver/Src/stm32f4xx_hal_rcc.o
                0x080014cc                HAL_RCC_OscConfig
 .text.HAL_RCC_ClockConfig
                0x080019bc      0x1cc ./Drivers/STM32F4xx_HAL_Driver/Src/stm32f4xx_hal_rcc.o
                0x080019bc                HAL_RCC_ClockConfig
 .text.HAL_RCC_GetSysClockFreq
                0x08001b88      0x18c ./Drivers/STM32F4xx_HAL_Driver/Src/stm32f4xx_hal_rcc.o
                0x08001b88                HAL_RCC_GetSysClockFreq
 .text.HAL_RCC_GetHCLKFreq
                0x08001d14       0x18 ./Drivers/STM32F4xx_HAL_Driver/Src/stm32f4xx_hal_rcc.o
                0x08001d14                HAL_RCC_GetHCLKFreq
 .text.HAL_RCC_GetPCLK1Freq
                0x08001d2c       0x28 ./Drivers/STM32F4xx_HAL_Driver/Src/stm32f4xx_hal_rcc.o
                0x08001d2c                HAL_RCC_GetPCLK1Freq
 .text.HAL_RCC_GetClockConfig
                0x08001d54       0x64 ./Drivers/STM32F4xx_HAL_Driver/Src/stm32f4xx_hal_rcc.o
                0x08001d54                HAL_RCC_GetClockConfig
 .text.HAL_TIM_Base_Init
                0x08001db8       0x9e ./Drivers/STM32F4xx_HAL_Driver/Src/stm32f4xx_hal_tim.o
                0x08001db8                HAL_TIM_Base_Init
 .text.HAL_TIM_Base_MspInit
                0x08001e56       0x14 ./Drivers/STM32F4xx_HAL_Driver/Src/stm32f4xx_hal_tim.o
                0x08001e56                HAL_TIM_Base_MspInit
 *fill*         0x08001e6a        0x2 
 .text.HAL_TIM_Base_Start_IT
                0x08001e6c       0xc4 ./Drivers/STM32F4xx_HAL_Driver/Src/stm32f4xx_hal_tim.o
                0x08001e6c                HAL_TIM_Base_Start_IT
 .text.HAL_TIM_IRQHandler
                0x08001f30      0x1e0 ./Drivers/STM32F4xx_HAL_Driver/Src/stm32f4xx_hal_tim.o
                0x08001f30                HAL_TIM_IRQHandler
 .text.HAL_TIM_PeriodElapsedCallback
                0x08002110       0x14 ./Drivers/STM32F4xx_HAL_Driver/Src/stm32f4xx_hal_tim.o
                0x08002110                HAL_TIM_PeriodElapsedCallback
 .text.HAL_TIM_OC_DelayElapsedCallback
                0x08002124       0x14 ./Drivers/STM32F4xx_HAL_Driver/Src/stm32f4xx_hal_tim.o
                0x08002124                HAL_TIM_OC_DelayElapsedCallback
 .text.HAL_TIM_IC_CaptureCallback
                0x08002138       0x14 ./Drivers/STM32F4xx_HAL_Driver/Src/stm32f4xx_hal_tim.o
                0x08002138                HAL_TIM_IC_CaptureCallback
 .text.HAL_TIM_PWM_PulseFinishedCallback
                0x0800214c       0x14 ./Drivers/STM32F4xx_HAL_Driver/Src/stm32f4xx_hal_tim.o
                0x0800214c                HAL_TIM_PWM_PulseFinishedCallback
 .text.HAL_TIM_TriggerCallback
                0x08002160       0x14 ./Drivers/STM32F4xx_HAL_Driver/Src/stm32f4xx_hal_tim.o
                0x08002160                HAL_TIM_TriggerCallback
 .text.TIM_Base_SetConfig
                0x08002174      0x118 ./Drivers/STM32F4xx_HAL_Driver/Src/stm32f4xx_hal_tim.o
                0x08002174                TIM_Base_SetConfig
 .text.HAL_TIMEx_CommutCallback
                0x0800228c       0x14 ./Drivers/STM32F4xx_HAL_Driver/Src/stm32f4xx_hal_tim_ex.o
                0x0800228c                HAL_TIMEx_CommutCallback
 .text.HAL_TIMEx_BreakCallback
                0x080022a0       0x14 ./Drivers/STM32F4xx_HAL_Driver/Src/stm32f4xx_hal_tim_ex.o
                0x080022a0                HAL_TIMEx_BreakCallback
 .text.vListInitialise
                0x080022b4       0x40 ./thirdparty/FreeRTOS/Source/list.o
                0x080022b4                vListInitialise
 .text.vListInitialiseItem
                0x080022f4       0x1a ./thirdparty/FreeRTOS/Source/list.o
                0x080022f4                vListInitialiseItem
 .text.vListInsert
                0x0800230e       0x72 ./thirdparty/FreeRTOS/Source/list.o
                0x0800230e                vListInsert
 .text.uxListRemove
                0x08002380       0x54 ./thirdparty/FreeRTOS/Source/list.o
                0x08002380                uxListRemove
 .text.xQueueGenericReset
                0x080023d4      0x124 ./thirdparty/FreeRTOS/Source/queue.o
                0x080023d4                xQueueGenericReset
 .text.xQueueGenericCreate
                0x080024f8       0x9e ./thirdparty/FreeRTOS/Source/queue.o
                0x080024f8                xQueueGenericCreate
 .text.prvInitialiseNewQueue
                0x08002596       0x46 ./thirdparty/FreeRTOS/Source/queue.o
 .text.xQueueReceive
                0x080025dc      0x1c4 ./thirdparty/FreeRTOS/Source/queue.o
                0x080025dc                xQueueReceive
 .text.prvCopyDataFromQueue
                0x080027a0       0x4c ./thirdparty/FreeRTOS/Source/queue.o
 .text.prvUnlockQueue
                0x080027ec       0xa4 ./thirdparty/FreeRTOS/Source/queue.o
 .text.prvIsQueueEmpty
                0x08002890       0x2c ./thirdparty/FreeRTOS/Source/queue.o
 .text.vQueueAddToRegistry
                0x080028bc       0xa0 ./thirdparty/FreeRTOS/Source/queue.o
                0x080028bc                vQueueAddToRegistry
 .text.vQueueWaitForMessageRestricted
                0x0800295c       0x68 ./thirdparty/FreeRTOS/Source/queue.o
                0x0800295c                vQueueWaitForMessageRestricted
 .text.xTaskCreate
                0x080029c4       0x8c ./thirdparty/FreeRTOS/Source/tasks.o
                0x080029c4                xTaskCreate
 .text.prvInitialiseNewTask
                0x08002a50      0x120 ./thirdparty/FreeRTOS/Source/tasks.o
 .text.prvAddNewTaskToReadyList
                0x08002b70      0x12c ./thirdparty/FreeRTOS/Source/tasks.o
 .text.vTaskDelay
                0x08002c9c       0x6c ./thirdparty/FreeRTOS/Source/tasks.o
                0x08002c9c                vTaskDelay
 .text.vTaskStartScheduler
                0x08002d08       0xa4 ./thirdparty/FreeRTOS/Source/tasks.o
                0x08002d08                vTaskStartScheduler
 .text.vTaskSuspendAll
                0x08002dac       0x1c ./thirdparty/FreeRTOS/Source/tasks.o
                0x08002dac                vTaskSuspendAll
 .text.xTaskResumeAll
                0x08002dc8      0x1f8 ./thirdparty/FreeRTOS/Source/tasks.o
                0x08002dc8                xTaskResumeAll
 .text.xTaskGetTickCount
                0x08002fc0       0x20 ./thirdparty/FreeRTOS/Source/tasks.o
                0x08002fc0                xTaskGetTickCount
 .text.xTaskIncrementTick
                0x08002fe0      0x230 ./thirdparty/FreeRTOS/Source/tasks.o
                0x08002fe0                xTaskIncrementTick
 .text.vTaskSwitchContext
                0x08003210       0xb8 ./thirdparty/FreeRTOS/Source/tasks.o
                0x08003210                vTaskSwitchContext
 .text.vTaskPlaceOnEventList
                0x080032c8       0x4c ./thirdparty/FreeRTOS/Source/tasks.o
                0x080032c8                vTaskPlaceOnEventList
 .text.vTaskPlaceOnEventListRestricted
                0x08003314       0x8c ./thirdparty/FreeRTOS/Source/tasks.o
                0x08003314                vTaskPlaceOnEventListRestricted
 .text.xTaskRemoveFromEventList
                0x080033a0      0x1b0 ./thirdparty/FreeRTOS/Source/tasks.o
                0x080033a0                xTaskRemoveFromEventList
 .text.vTaskInternalSetTimeOutState
                0x08003550       0x2c ./thirdparty/FreeRTOS/Source/tasks.o
                0x08003550                vTaskInternalSetTimeOutState
 .text.xTaskCheckForTimeOut
                0x0800357c       0xd0 ./thirdparty/FreeRTOS/Source/tasks.o
                0x0800357c                xTaskCheckForTimeOut
 .text.vTaskMissedYield
                0x0800364c       0x18 ./thirdparty/FreeRTOS/Source/tasks.o
                0x0800364c                vTaskMissedYield
 .text.prvIdleTask
                0x08003664       0x30 ./thirdparty/FreeRTOS/Source/tasks.o
 .text.prvInitialiseTaskLists
                0x08003694       0x80 ./thirdparty/FreeRTOS/Source/tasks.o
 .text.prvCheckTasksWaitingTermination
                0x08003714       0x5c ./thirdparty/FreeRTOS/Source/tasks.o
 .text.prvDeleteTCB
                0x08003770       0x20 ./thirdparty/FreeRTOS/Source/tasks.o
 .text.prvResetNextTaskUnblockTime
                0x08003790       0x38 ./thirdparty/FreeRTOS/Source/tasks.o
 .text.xTaskGetSchedulerState
                0x080037c8       0x3c ./thirdparty/FreeRTOS/Source/tasks.o
                0x080037c8                xTaskGetSchedulerState
 .text.prvAddCurrentTaskToDelayedList
                0x08003804      0x100 ./thirdparty/FreeRTOS/Source/tasks.o
 .text.xTimerCreateTimerTask
                0x08003904       0x68 ./thirdparty/FreeRTOS/Source/timers.o
                0x08003904                xTimerCreateTimerTask
 .text.prvReloadTimer
                0x0800396c       0x42 ./thirdparty/FreeRTOS/Source/timers.o
 *fill*         0x080039ae        0x2 
 .text.prvProcessExpiredTimer
                0x080039b0       0x60 ./thirdparty/FreeRTOS/Source/timers.o
 .text.prvTimerTask
                0x08003a10       0x26 ./thirdparty/FreeRTOS/Source/timers.o
 *fill*         0x08003a36        0x2 
 .text.prvProcessTimerOrBlockTask
                0x08003a38       0x9c ./thirdparty/FreeRTOS/Source/timers.o
 .text.prvGetNextExpireTime
                0x08003ad4       0x48 ./thirdparty/FreeRTOS/Source/timers.o
 .text.prvSampleTimeNow
                0x08003b1c       0x40 ./thirdparty/FreeRTOS/Source/timers.o
 .text.prvInsertTimerInActiveList
                0x08003b5c       0x84 ./thirdparty/FreeRTOS/Source/timers.o
 .text.prvProcessReceivedCommands
                0x08003be0      0x184 ./thirdparty/FreeRTOS/Source/timers.o
 .text.prvSwitchTimerLists
                0x08003d64       0x4c ./thirdparty/FreeRTOS/Source/timers.o
 .text.prvCheckForValidListAndQueue
                0x08003db0       0x6c ./thirdparty/FreeRTOS/Source/timers.o
 .text.pxPortInitialiseStack
                0x08003e1c       0x68 ./thirdparty/FreeRTOS/Source/portable/GCC/ARM_CM4F/port.o
                0x08003e1c                pxPortInitialiseStack
 .text.prvTaskExitError
                0x08003e84       0x5c ./thirdparty/FreeRTOS/Source/portable/GCC/ARM_CM4F/port.o
 .text.SVC_Handler
                0x08003ee0       0x28 ./thirdparty/FreeRTOS/Source/portable/GCC/ARM_CM4F/port.o
                0x08003ee0                SVC_Handler
 .text.prvPortStartFirstTask
                0x08003f08       0x2c ./thirdparty/FreeRTOS/Source/portable/GCC/ARM_CM4F/port.o
 .text.xPortStartScheduler
                0x08003f34      0x148 ./thirdparty/FreeRTOS/Source/portable/GCC/ARM_CM4F/port.o
                0x08003f34                xPortStartScheduler
 .text.vPortEnterCritical
                0x0800407c       0x64 ./thirdparty/FreeRTOS/Source/portable/GCC/ARM_CM4F/port.o
                0x0800407c                vPortEnterCritical
 .text.vPortExitCritical
                0x080040e0       0x54 ./thirdparty/FreeRTOS/Source/portable/GCC/ARM_CM4F/port.o
                0x080040e0                vPortExitCritical
 *fill*         0x08004134        0xc 
 .text.PendSV_Handler
                0x08004140       0x68 ./thirdparty/FreeRTOS/Source/portable/GCC/ARM_CM4F/port.o
                0x08004140                PendSV_Handler
 .text.SysTick_Handler
                0x080041a8       0x44 ./thirdparty/FreeRTOS/Source/portable/GCC/ARM_CM4F/port.o
                0x080041a8                SysTick_Handler
 .text.vPortSetupTimerInterrupt
                0x080041ec       0x48 ./thirdparty/FreeRTOS/Source/portable/GCC/ARM_CM4F/port.o
                0x080041ec                vPortSetupTimerInterrupt
 .text.vPortEnableVFP
                0x08004234       0x18 ./thirdparty/FreeRTOS/Source/portable/GCC/ARM_CM4F/port.o
 .text.pvPortMalloc
                0x0800424c      0x178 ./thirdparty/FreeRTOS/Source/portable/MemMang/heap_4.o
                0x0800424c                pvPortMalloc
 .text.vPortFree
                0x080043c4       0xbc ./thirdparty/FreeRTOS/Source/portable/MemMang/heap_4.o
                0x080043c4                vPortFree
 .text.prvHeapInit
                0x08004480       0xb8 ./thirdparty/FreeRTOS/Source/portable/MemMang/heap_4.o
 .text.prvInsertBlockIntoFreeList
                0x08004538       0xb4 ./thirdparty/FreeRTOS/Source/portable/MemMang/heap_4.o
 .text.memset   0x080045ec       0x10 C:/ST/STM32CubeIDE_1.16.0/STM32CubeIDE/plugins/com.st.stm32cube.ide.mcu.externaltools.gnu-tools-for-stm32.12.3.rel1.win32_1.0.200.202406191623/tools/bin/../lib/gcc/arm-none-eabi/12.3.1/../../../../arm-none-eabi/lib/thumb/v7e-m+fp/hard\libc_nano.a(libc_a-memset.o)
                0x080045ec                memset
 .text.__libc_init_array
                0x080045fc       0x48 C:/ST/STM32CubeIDE_1.16.0/STM32CubeIDE/plugins/com.st.stm32cube.ide.mcu.externaltools.gnu-tools-for-stm32.12.3.rel1.win32_1.0.200.202406191623/tools/bin/../lib/gcc/arm-none-eabi/12.3.1/../../../../arm-none-eabi/lib/thumb/v7e-m+fp/hard\libc_nano.a(libc_a-init.o)
                0x080045fc                __libc_init_array
 .text.memcpy   0x08004644       0x1c C:/ST/STM32CubeIDE_1.16.0/STM32CubeIDE/plugins/com.st.stm32cube.ide.mcu.externaltools.gnu-tools-for-stm32.12.3.rel1.win32_1.0.200.202406191623/tools/bin/../lib/gcc/arm-none-eabi/12.3.1/../../../../arm-none-eabi/lib/thumb/v7e-m+fp/hard\libc_nano.a(libc_a-memcpy-stub.o)
                0x08004644                memcpy
 *(.glue_7)
 .glue_7        0x08004660        0x0 linker stubs
 *(.glue_7t)
 .glue_7t       0x08004660        0x0 linker stubs
 *(.eh_frame)
 .eh_frame      0x08004660        0x0 C:/ST/STM32CubeIDE_1.16.0/STM32CubeIDE/plugins/com.st.stm32cube.ide.mcu.externaltools.gnu-tools-for-stm32.12.3.rel1.win32_1.0.200.202406191623/tools/bin/../lib/gcc/arm-none-eabi/12.3.1/thumb/v7e-m+fp/hard/crtbegin.o
 *(.init)
 .init          0x08004660        0x4 C:/ST/STM32CubeIDE_1.16.0/STM32CubeIDE/plugins/com.st.stm32cube.ide.mcu.externaltools.gnu-tools-for-stm32.12.3.rel1.win32_1.0.200.202406191623/tools/bin/../lib/gcc/arm-none-eabi/12.3.1/thumb/v7e-m+fp/hard/crti.o
                0x08004660                _init
 .init          0x08004664        0x8 C:/ST/STM32CubeIDE_1.16.0/STM32CubeIDE/plugins/com.st.stm32cube.ide.mcu.externaltools.gnu-tools-for-stm32.12.3.rel1.win32_1.0.200.202406191623/tools/bin/../lib/gcc/arm-none-eabi/12.3.1/thumb/v7e-m+fp/hard/crtn.o
 *(.fini)
 .fini          0x0800466c        0x4 C:/ST/STM32CubeIDE_1.16.0/STM32CubeIDE/plugins/com.st.stm32cube.ide.mcu.externaltools.gnu-tools-for-stm32.12.3.rel1.win32_1.0.200.202406191623/tools/bin/../lib/gcc/arm-none-eabi/12.3.1/thumb/v7e-m+fp/hard/crti.o
                0x0800466c                _fini
 .fini          0x08004670        0x8 C:/ST/STM32CubeIDE_1.16.0/STM32CubeIDE/plugins/com.st.stm32cube.ide.mcu.externaltools.gnu-tools-for-stm32.12.3.rel1.win32_1.0.200.202406191623/tools/bin/../lib/gcc/arm-none-eabi/12.3.1/thumb/v7e-m+fp/hard/crtn.o
                0x08004678                        . = ALIGN (0x4)
                0x08004678                        _etext = .

.vfp11_veneer   0x08004678        0x0
 .vfp11_veneer  0x08004678        0x0 linker stubs

.v4_bx          0x08004678        0x0
 .v4_bx         0x08004678        0x0 linker stubs

.iplt           0x08004678        0x0
 .iplt          0x08004678        0x0 C:/ST/STM32CubeIDE_1.16.0/STM32CubeIDE/plugins/com.st.stm32cube.ide.mcu.externaltools.gnu-tools-for-stm32.12.3.rel1.win32_1.0.200.202406191623/tools/bin/../lib/gcc/arm-none-eabi/12.3.1/thumb/v7e-m+fp/hard/crtbegin.o

.rodata         0x08004678       0x38
                0x08004678                        . = ALIGN (0x4)
 *(.rodata)
 .rodata        0x08004678        0x8 ./Core/Src/main.o
 .rodata        0x08004680        0x5 ./thirdparty/FreeRTOS/Source/tasks.o
 *fill*         0x08004685        0x3 
 .rodata        0x08004688        0xd ./thirdparty/FreeRTOS/Source/timers.o
 *(.rodata*)
 *fill*         0x08004695        0x3 
 .rodata.AHBPrescTable
                0x08004698       0x10 ./Core/Src/system_stm32f4xx.o
                0x08004698                AHBPrescTable
 .rodata.APBPrescTable
                0x080046a8        0x8 ./Core/Src/system_stm32f4xx.o
                0x080046a8                APBPrescTable
                0x080046b0                        . = ALIGN (0x4)

.ARM.extab      0x080046b0        0x0
                0x080046b0                        . = ALIGN (0x4)
 *(.ARM.extab* .gnu.linkonce.armextab.*)
                0x080046b0                        . = ALIGN (0x4)

.ARM            0x080046b0        0x8
                0x080046b0                        . = ALIGN (0x4)
                0x080046b0                        __exidx_start = .
 *(.ARM.exidx*)
 .ARM.exidx     0x080046b0        0x8 C:/ST/STM32CubeIDE_1.16.0/STM32CubeIDE/plugins/com.st.stm32cube.ide.mcu.externaltools.gnu-tools-for-stm32.12.3.rel1.win32_1.0.200.202406191623/tools/bin/../lib/gcc/arm-none-eabi/12.3.1/thumb/v7e-m+fp/hard\libgcc.a(_udivmoddi4.o)
                0x080046b8                        __exidx_end = .
                0x080046b8                        . = ALIGN (0x4)

.preinit_array  0x080046b8        0x0
                0x080046b8                        . = ALIGN (0x4)
                0x080046b8                        PROVIDE (__preinit_array_start = .)
 *(.preinit_array*)
                0x080046b8                        PROVIDE (__preinit_array_end = .)
                0x080046b8                        . = ALIGN (0x4)

.init_array     0x080046b8        0x4
                0x080046b8                        . = ALIGN (0x4)
                0x080046b8                        PROVIDE (__init_array_start = .)
 *(SORT_BY_NAME(.init_array.*))
 *(.init_array*)
 .init_array    0x080046b8        0x4 C:/ST/STM32CubeIDE_1.16.0/STM32CubeIDE/plugins/com.st.stm32cube.ide.mcu.externaltools.gnu-tools-for-stm32.12.3.rel1.win32_1.0.200.202406191623/tools/bin/../lib/gcc/arm-none-eabi/12.3.1/thumb/v7e-m+fp/hard/crtbegin.o
                0x080046bc                        PROVIDE (__init_array_end = .)
                0x080046bc                        . = ALIGN (0x4)

.fini_array     0x080046bc        0x4
                0x080046bc                        . = ALIGN (0x4)
                [!provide]                        PROVIDE (__fini_array_start = .)
 *(SORT_BY_NAME(.fini_array.*))
 *(.fini_array*)
 .fini_array    0x080046bc        0x4 C:/ST/STM32CubeIDE_1.16.0/STM32CubeIDE/plugins/com.st.stm32cube.ide.mcu.externaltools.gnu-tools-for-stm32.12.3.rel1.win32_1.0.200.202406191623/tools/bin/../lib/gcc/arm-none-eabi/12.3.1/thumb/v7e-m+fp/hard/crtbegin.o
                [!provide]                        PROVIDE (__fini_array_end = .)
                0x080046c0                        . = ALIGN (0x4)
                0x080046c0                        _sidata = LOADADDR (.data)

.rel.dyn        0x080046c0        0x0
 .rel.iplt      0x080046c0        0x0 C:/ST/STM32CubeIDE_1.16.0/STM32CubeIDE/plugins/com.st.stm32cube.ide.mcu.externaltools.gnu-tools-for-stm32.12.3.rel1.win32_1.0.200.202406191623/tools/bin/../lib/gcc/arm-none-eabi/12.3.1/thumb/v7e-m+fp/hard/crtbegin.o

.data           0x20000000       0x10 load address 0x080046c0
                0x20000000                        . = ALIGN (0x4)
                0x20000000                        _sdata = .
 *(.data)
 *(.data*)
 .data.SystemCoreClock
                0x20000000        0x4 ./Core/Src/system_stm32f4xx.o
                0x20000000                SystemCoreClock
 .data.uwTickPrio
                0x20000004        0x4 ./Drivers/STM32F4xx_HAL_Driver/Src/stm32f4xx_hal.o
                0x20000004                uwTickPrio
 .data.uxTopUsedPriority
                0x20000008        0x4 ./thirdparty/FreeRTOS/Source/tasks.o
                0x20000008                uxTopUsedPriority
 .data.uxCriticalNesting
                0x2000000c        0x4 ./thirdparty/FreeRTOS/Source/portable/GCC/ARM_CM4F/port.o
 *(.RamFunc)
 *(.RamFunc*)
                0x20000010                        . = ALIGN (0x4)
                0x20000010                        _edata = .

.igot.plt       0x20000010        0x0 load address 0x080046d0
 .igot.plt      0x20000010        0x0 C:/ST/STM32CubeIDE_1.16.0/STM32CubeIDE/plugins/com.st.stm32cube.ide.mcu.externaltools.gnu-tools-for-stm32.12.3.rel1.win32_1.0.200.202406191623/tools/bin/../lib/gcc/arm-none-eabi/12.3.1/thumb/v7e-m+fp/hard/crtbegin.o
                0x20000010                        . = ALIGN (0x4)

.bss            0x20000010     0xfa50 load address 0x080046d0
                0x20000010                        _sbss = .
                0x20000010                        __bss_start__ = _sbss
 *(.bss)
 .bss           0x20000010       0x1c C:/ST/STM32CubeIDE_1.16.0/STM32CubeIDE/plugins/com.st.stm32cube.ide.mcu.externaltools.gnu-tools-for-stm32.12.3.rel1.win32_1.0.200.202406191623/tools/bin/../lib/gcc/arm-none-eabi/12.3.1/thumb/v7e-m+fp/hard/crtbegin.o
 *(.bss*)
 .bss.hadc1     0x2000002c       0x44 ./Core/Src/main.o
                0x2000002c                hadc1
 .bss.htim5     0x20000070       0x48 ./Core/Src/stm32f4xx_hal_timebase_tim.o
                0x20000070                htim5
 .bss.uwTick    0x200000b8        0x4 ./Drivers/STM32F4xx_HAL_Driver/Src/stm32f4xx_hal.o
                0x200000b8                uwTick
 .bss.xQueueRegistry
                0x200000bc       0x40 ./thirdparty/FreeRTOS/Source/queue.o
                0x200000bc                xQueueRegistry
 .bss.pxCurrentTCB
                0x200000fc        0x4 ./thirdparty/FreeRTOS/Source/tasks.o
                0x200000fc                pxCurrentTCB
 .bss.pxReadyTasksLists
                0x20000100       0x64 ./thirdparty/FreeRTOS/Source/tasks.o
 .bss.xDelayedTaskList1
                0x20000164       0x14 ./thirdparty/FreeRTOS/Source/tasks.o
 .bss.xDelayedTaskList2
                0x20000178       0x14 ./thirdparty/FreeRTOS/Source/tasks.o
 .bss.pxDelayedTaskList
                0x2000018c        0x4 ./thirdparty/FreeRTOS/Source/tasks.o
 .bss.pxOverflowDelayedTaskList
                0x20000190        0x4 ./thirdparty/FreeRTOS/Source/tasks.o
 .bss.xPendingReadyList
                0x20000194       0x14 ./thirdparty/FreeRTOS/Source/tasks.o
 .bss.xTasksWaitingTermination
                0x200001a8       0x14 ./thirdparty/FreeRTOS/Source/tasks.o
 .bss.uxDeletedTasksWaitingCleanUp
                0x200001bc        0x4 ./thirdparty/FreeRTOS/Source/tasks.o
 .bss.xSuspendedTaskList
                0x200001c0       0x14 ./thirdparty/FreeRTOS/Source/tasks.o
 .bss.uxCurrentNumberOfTasks
                0x200001d4        0x4 ./thirdparty/FreeRTOS/Source/tasks.o
 .bss.xTickCount
                0x200001d8        0x4 ./thirdparty/FreeRTOS/Source/tasks.o
 .bss.uxTopReadyPriority
                0x200001dc        0x4 ./thirdparty/FreeRTOS/Source/tasks.o
 .bss.xSchedulerRunning
                0x200001e0        0x4 ./thirdparty/FreeRTOS/Source/tasks.o
 .bss.xPendedTicks
                0x200001e4        0x4 ./thirdparty/FreeRTOS/Source/tasks.o
 .bss.xYieldPending
                0x200001e8        0x4 ./thirdparty/FreeRTOS/Source/tasks.o
 .bss.xNumOfOverflows
                0x200001ec        0x4 ./thirdparty/FreeRTOS/Source/tasks.o
 .bss.uxTaskNumber
                0x200001f0        0x4 ./thirdparty/FreeRTOS/Source/tasks.o
 .bss.xNextTaskUnblockTime
                0x200001f4        0x4 ./thirdparty/FreeRTOS/Source/tasks.o
 .bss.xIdleTaskHandle
                0x200001f8        0x4 ./thirdparty/FreeRTOS/Source/tasks.o
 .bss.uxSchedulerSuspended
                0x200001fc        0x4 ./thirdparty/FreeRTOS/Source/tasks.o
 .bss.xActiveTimerList1
                0x20000200       0x14 ./thirdparty/FreeRTOS/Source/timers.o
 .bss.xActiveTimerList2
                0x20000214       0x14 ./thirdparty/FreeRTOS/Source/timers.o
 .bss.pxCurrentTimerList
                0x20000228        0x4 ./thirdparty/FreeRTOS/Source/timers.o
 .bss.pxOverflowTimerList
                0x2000022c        0x4 ./thirdparty/FreeRTOS/Source/timers.o
 .bss.xTimerQueue
                0x20000230        0x4 ./thirdparty/FreeRTOS/Source/timers.o
 .bss.xTimerTaskHandle
                0x20000234        0x4 ./thirdparty/FreeRTOS/Source/timers.o
 .bss.xLastTime.0
                0x20000238        0x4 ./thirdparty/FreeRTOS/Source/timers.o
 .bss.ucMaxSysCallPriority
                0x2000023c        0x1 ./thirdparty/FreeRTOS/Source/portable/GCC/ARM_CM4F/port.o
 *fill*         0x2000023d        0x3 
 .bss.ulMaxPRIGROUPValue
                0x20000240        0x4 ./thirdparty/FreeRTOS/Source/portable/GCC/ARM_CM4F/port.o
 .bss.ucHeap    0x20000244     0xf800 ./thirdparty/FreeRTOS/Source/portable/MemMang/heap_4.o
 .bss.xStart    0x2000fa44        0x8 ./thirdparty/FreeRTOS/Source/portable/MemMang/heap_4.o
 .bss.pxEnd     0x2000fa4c        0x4 ./thirdparty/FreeRTOS/Source/portable/MemMang/heap_4.o
 .bss.xFreeBytesRemaining
                0x2000fa50        0x4 ./thirdparty/FreeRTOS/Source/portable/MemMang/heap_4.o
 .bss.xMinimumEverFreeBytesRemaining
                0x2000fa54        0x4 ./thirdparty/FreeRTOS/Source/portable/MemMang/heap_4.o
 .bss.xNumberOfSuccessfulAllocations
                0x2000fa58        0x4 ./thirdparty/FreeRTOS/Source/portable/MemMang/heap_4.o
 .bss.xNumberOfSuccessfulFrees
                0x2000fa5c        0x4 ./thirdparty/FreeRTOS/Source/portable/MemMang/heap_4.o
 *(COMMON)
                0x2000fa60                        . = ALIGN (0x4)
                0x2000fa60                        _ebss = .
                0x2000fa60                        __bss_end__ = _ebss

._user_heap_stack
                0x2000fa60      0x300 load address 0x080046d0
                0x2000fa60                        . = ALIGN (0x8)
                0x2000fa60                        PROVIDE (end = .)
                [!provide]                        PROVIDE (_end = .)
                0x2000fb60                        . = (. + _Min_Heap_Size)
 *fill*         0x2000fa60      0x100 
                0x2000fd60                        . = (. + _Min_Stack_Size)
 *fill*         0x2000fb60      0x200 
                0x2000fd60                        . = ALIGN (0x8)

/DISCARD/
 libc.a(*)
 libm.a(*)
 libgcc.a(*)

.ARM.attributes
                0x00000000       0x30
 *(.ARM.attributes)
 .ARM.attributes
                0x00000000       0x22 C:/ST/STM32CubeIDE_1.16.0/STM32CubeIDE/plugins/com.st.stm32cube.ide.mcu.externaltools.gnu-tools-for-stm32.12.3.rel1.win32_1.0.200.202406191623/tools/bin/../lib/gcc/arm-none-eabi/12.3.1/thumb/v7e-m+fp/hard/crti.o
 .ARM.attributes
                0x00000022       0x34 C:/ST/STM32CubeIDE_1.16.0/STM32CubeIDE/plugins/com.st.stm32cube.ide.mcu.externaltools.gnu-tools-for-stm32.12.3.rel1.win32_1.0.200.202406191623/tools/bin/../lib/gcc/arm-none-eabi/12.3.1/thumb/v7e-m+fp/hard/crtbegin.o
 .ARM.attributes
                0x00000056       0x34 ./Core/Src/main.o
 .ARM.attributes
                0x0000008a       0x34 ./Core/Src/stm32f4xx_hal_msp.o
 .ARM.attributes
                0x000000be       0x34 ./Core/Src/stm32f4xx_hal_timebase_tim.o
 .ARM.attributes
                0x000000f2       0x34 ./Core/Src/stm32f4xx_it.o
 .ARM.attributes
                0x00000126       0x34 ./Core/Src/system_stm32f4xx.o
 .ARM.attributes
                0x0000015a       0x21 ./Core/Startup/startup_stm32f401ccux.o
 .ARM.attributes
                0x0000017b       0x34 ./Drivers/STM32F4xx_HAL_Driver/Src/stm32f4xx_hal.o
 .ARM.attributes
                0x000001af       0x34 ./Drivers/STM32F4xx_HAL_Driver/Src/stm32f4xx_hal_adc.o
 .ARM.attributes
                0x000001e3       0x34 ./Drivers/STM32F4xx_HAL_Driver/Src/stm32f4xx_hal_cortex.o
 .ARM.attributes
                0x00000217       0x34 ./Drivers/STM32F4xx_HAL_Driver/Src/stm32f4xx_hal_gpio.o
 .ARM.attributes
                0x0000024b       0x34 ./Drivers/STM32F4xx_HAL_Driver/Src/stm32f4xx_hal_rcc.o
 .ARM.attributes
                0x0000027f       0x34 ./Drivers/STM32F4xx_HAL_Driver/Src/stm32f4xx_hal_tim.o
 .ARM.attributes
                0x000002b3       0x34 ./Drivers/STM32F4xx_HAL_Driver/Src/stm32f4xx_hal_tim_ex.o
 .ARM.attributes
                0x000002e7       0x34 ./thirdparty/FreeRTOS/Source/list.o
 .ARM.attributes
                0x0000031b       0x34 ./thirdparty/FreeRTOS/Source/queue.o
 .ARM.attributes
                0x0000034f       0x34 ./thirdparty/FreeRTOS/Source/tasks.o
 .ARM.attributes
                0x00000383       0x34 ./thirdparty/FreeRTOS/Source/timers.o
 .ARM.attributes
                0x000003b7       0x34 ./thirdparty/FreeRTOS/Source/portable/GCC/ARM_CM4F/port.o
 .ARM.attributes
                0x000003eb       0x34 ./thirdparty/FreeRTOS/Source/portable/MemMang/heap_4.o
 .ARM.attributes
                0x0000041f       0x34 C:/ST/STM32CubeIDE_1.16.0/STM32CubeIDE/plugins/com.st.stm32cube.ide.mcu.externaltools.gnu-tools-for-stm32.12.3.rel1.win32_1.0.200.202406191623/tools/bin/../lib/gcc/arm-none-eabi/12.3.1/../../../../arm-none-eabi/lib/thumb/v7e-m+fp/hard\libc_nano.a(libc_a-memset.o)
 .ARM.attributes
                0x00000453       0x34 C:/ST/STM32CubeIDE_1.16.0/STM32CubeIDE/plugins/com.st.stm32cube.ide.mcu.externaltools.gnu-tools-for-stm32.12.3.rel1.win32_1.0.200.202406191623/tools/bin/../lib/gcc/arm-none-eabi/12.3.1/../../../../arm-none-eabi/lib/thumb/v7e-m+fp/hard\libc_nano.a(libc_a-init.o)
 .ARM.attributes
                0x00000487       0x34 C:/ST/STM32CubeIDE_1.16.0/STM32CubeIDE/plugins/com.st.stm32cube.ide.mcu.externaltools.gnu-tools-for-stm32.12.3.rel1.win32_1.0.200.202406191623/tools/bin/../lib/gcc/arm-none-eabi/12.3.1/../../../../arm-none-eabi/lib/thumb/v7e-m+fp/hard\libc_nano.a(libc_a-memcpy-stub.o)
 .ARM.attributes
                0x000004bb       0x22 C:/ST/STM32CubeIDE_1.16.0/STM32CubeIDE/plugins/com.st.stm32cube.ide.mcu.externaltools.gnu-tools-for-stm32.12.3.rel1.win32_1.0.200.202406191623/tools/bin/../lib/gcc/arm-none-eabi/12.3.1/thumb/v7e-m+fp/hard\libgcc.a(_aeabi_uldivmod.o)
 .ARM.attributes
                0x000004dd       0x34 C:/ST/STM32CubeIDE_1.16.0/STM32CubeIDE/plugins/com.st.stm32cube.ide.mcu.externaltools.gnu-tools-for-stm32.12.3.rel1.win32_1.0.200.202406191623/tools/bin/../lib/gcc/arm-none-eabi/12.3.1/thumb/v7e-m+fp/hard\libgcc.a(_udivmoddi4.o)
 .ARM.attributes
                0x00000511       0x22 C:/ST/STM32CubeIDE_1.16.0/STM32CubeIDE/plugins/com.st.stm32cube.ide.mcu.externaltools.gnu-tools-for-stm32.12.3.rel1.win32_1.0.200.202406191623/tools/bin/../lib/gcc/arm-none-eabi/12.3.1/thumb/v7e-m+fp/hard\libgcc.a(_dvmd_tls.o)
 .ARM.attributes
                0x00000533       0x22 C:/ST/STM32CubeIDE_1.16.0/STM32CubeIDE/plugins/com.st.stm32cube.ide.mcu.externaltools.gnu-tools-for-stm32.12.3.rel1.win32_1.0.200.202406191623/tools/bin/../lib/gcc/arm-none-eabi/12.3.1/thumb/v7e-m+fp/hard/crtn.o
OUTPUT(01Tasks.elf elf32-littlearm)
LOAD linker stubs
LOAD C:/ST/STM32CubeIDE_1.16.0/STM32CubeIDE/plugins/com.st.stm32cube.ide.mcu.externaltools.gnu-tools-for-stm32.12.3.rel1.win32_1.0.200.202406191623/tools/bin/../lib/gcc/arm-none-eabi/12.3.1/../../../../arm-none-eabi/lib/thumb/v7e-m+fp/hard\libc.a
LOAD C:/ST/STM32CubeIDE_1.16.0/STM32CubeIDE/plugins/com.st.stm32cube.ide.mcu.externaltools.gnu-tools-for-stm32.12.3.rel1.win32_1.0.200.202406191623/tools/bin/../lib/gcc/arm-none-eabi/12.3.1/../../../../arm-none-eabi/lib/thumb/v7e-m+fp/hard\libm.a
LOAD C:/ST/STM32CubeIDE_1.16.0/STM32CubeIDE/plugins/com.st.stm32cube.ide.mcu.externaltools.gnu-tools-for-stm32.12.3.rel1.win32_1.0.200.202406191623/tools/bin/../lib/gcc/arm-none-eabi/12.3.1/thumb/v7e-m+fp/hard\libgcc.a

.debug_info     0x00000000     0xefe3
 .debug_info    0x00000000      0xdee ./Core/Src/main.o
 .debug_info    0x00000dee      0x291 ./Core/Src/stm32f4xx_hal_msp.o
 .debug_info    0x0000107f      0xb7d ./Core/Src/stm32f4xx_hal_timebase_tim.o
 .debug_info    0x00001bfc      0x6a4 ./Core/Src/stm32f4xx_it.o
 .debug_info    0x000022a0      0x53e ./Core/Src/system_stm32f4xx.o
 .debug_info    0x000027de       0x30 ./Core/Startup/startup_stm32f401ccux.o
 .debug_info    0x0000280e      0x8bb ./Drivers/STM32F4xx_HAL_Driver/Src/stm32f4xx_hal.o
 .debug_info    0x000030c9      0xce2 ./Drivers/STM32F4xx_HAL_Driver/Src/stm32f4xx_hal_adc.o
 .debug_info    0x00003dab      0xcc1 ./Drivers/STM32F4xx_HAL_Driver/Src/stm32f4xx_hal_cortex.o
 .debug_info    0x00004a6c      0x6f9 ./Drivers/STM32F4xx_HAL_Driver/Src/stm32f4xx_hal_gpio.o
 .debug_info    0x00005165      0x8f3 ./Drivers/STM32F4xx_HAL_Driver/Src/stm32f4xx_hal_rcc.o
 .debug_info    0x00005a58     0x2996 ./Drivers/STM32F4xx_HAL_Driver/Src/stm32f4xx_hal_tim.o
 .debug_info    0x000083ee     0x14d4 ./Drivers/STM32F4xx_HAL_Driver/Src/stm32f4xx_hal_tim_ex.o
 .debug_info    0x000098c2      0x2af ./thirdparty/FreeRTOS/Source/list.o
 .debug_info    0x00009b71     0x184f ./thirdparty/FreeRTOS/Source/queue.o
 .debug_info    0x0000b3c0     0x2401 ./thirdparty/FreeRTOS/Source/tasks.o
 .debug_info    0x0000d7c1      0xe20 ./thirdparty/FreeRTOS/Source/timers.o
 .debug_info    0x0000e5e1      0x4e1 ./thirdparty/FreeRTOS/Source/portable/GCC/ARM_CM4F/port.o
 .debug_info    0x0000eac2      0x521 ./thirdparty/FreeRTOS/Source/portable/MemMang/heap_4.o

.debug_abbrev   0x00000000     0x28e0
 .debug_abbrev  0x00000000      0x271 ./Core/Src/main.o
 .debug_abbrev  0x00000271       0xd8 ./Core/Src/stm32f4xx_hal_msp.o
 .debug_abbrev  0x00000349      0x207 ./Core/Src/stm32f4xx_hal_timebase_tim.o
 .debug_abbrev  0x00000550      0x190 ./Core/Src/stm32f4xx_it.o
 .debug_abbrev  0x000006e0      0x11a ./Core/Src/system_stm32f4xx.o
 .debug_abbrev  0x000007fa       0x24 ./Core/Startup/startup_stm32f401ccux.o
 .debug_abbrev  0x0000081e      0x24b ./Drivers/STM32F4xx_HAL_Driver/Src/stm32f4xx_hal.o
 .debug_abbrev  0x00000a69      0x295 ./Drivers/STM32F4xx_HAL_Driver/Src/stm32f4xx_hal_adc.o
 .debug_abbrev  0x00000cfe      0x328 ./Drivers/STM32F4xx_HAL_Driver/Src/stm32f4xx_hal_cortex.o
 .debug_abbrev  0x00001026      0x1d3 ./Drivers/STM32F4xx_HAL_Driver/Src/stm32f4xx_hal_gpio.o
 .debug_abbrev  0x000011f9      0x2b5 ./Drivers/STM32F4xx_HAL_Driver/Src/stm32f4xx_hal_rcc.o
 .debug_abbrev  0x000014ae      0x28b ./Drivers/STM32F4xx_HAL_Driver/Src/stm32f4xx_hal_tim.o
 .debug_abbrev  0x00001739      0x296 ./Drivers/STM32F4xx_HAL_Driver/Src/stm32f4xx_hal_tim_ex.o
 .debug_abbrev  0x000019cf       0xf5 ./thirdparty/FreeRTOS/Source/list.o
 .debug_abbrev  0x00001ac4      0x323 ./thirdparty/FreeRTOS/Source/queue.o
 .debug_abbrev  0x00001de7      0x37e ./thirdparty/FreeRTOS/Source/tasks.o
 .debug_abbrev  0x00002165      0x2cb ./thirdparty/FreeRTOS/Source/timers.o
 .debug_abbrev  0x00002430      0x25a ./thirdparty/FreeRTOS/Source/portable/GCC/ARM_CM4F/port.o
 .debug_abbrev  0x0000268a      0x256 ./thirdparty/FreeRTOS/Source/portable/MemMang/heap_4.o

.debug_aranges  0x00000000      0xf78
 .debug_aranges
                0x00000000       0x48 ./Core/Src/main.o
 .debug_aranges
                0x00000048       0x20 ./Core/Src/stm32f4xx_hal_msp.o
 .debug_aranges
                0x00000068       0x30 ./Core/Src/stm32f4xx_hal_timebase_tim.o
 .debug_aranges
                0x00000098       0x50 ./Core/Src/stm32f4xx_it.o
 .debug_aranges
                0x000000e8       0x28 ./Core/Src/system_stm32f4xx.o
 .debug_aranges
                0x00000110       0x28 ./Core/Startup/startup_stm32f401ccux.o
 .debug_aranges
                0x00000138       0xf0 ./Drivers/STM32F4xx_HAL_Driver/Src/stm32f4xx_hal.o
 .debug_aranges
                0x00000228       0xe8 ./Drivers/STM32F4xx_HAL_Driver/Src/stm32f4xx_hal_adc.o
 .debug_aranges
                0x00000310      0x120 ./Drivers/STM32F4xx_HAL_Driver/Src/stm32f4xx_hal_cortex.o
 .debug_aranges
                0x00000430       0x58 ./Drivers/STM32F4xx_HAL_Driver/Src/stm32f4xx_hal_gpio.o
 .debug_aranges
                0x00000488       0x88 ./Drivers/STM32F4xx_HAL_Driver/Src/stm32f4xx_hal_rcc.o
 .debug_aranges
                0x00000510      0x3d0 ./Drivers/STM32F4xx_HAL_Driver/Src/stm32f4xx_hal_tim.o
 .debug_aranges
                0x000008e0      0x168 ./Drivers/STM32F4xx_HAL_Driver/Src/stm32f4xx_hal_tim_ex.o
 .debug_aranges
                0x00000a48       0x40 ./thirdparty/FreeRTOS/Source/list.o
 .debug_aranges
                0x00000a88      0x130 ./thirdparty/FreeRTOS/Source/queue.o
 .debug_aranges
                0x00000bb8      0x1f8 ./thirdparty/FreeRTOS/Source/tasks.o
 .debug_aranges
                0x00000db0       0xe8 ./thirdparty/FreeRTOS/Source/timers.o
 .debug_aranges
                0x00000e98       0x80 ./thirdparty/FreeRTOS/Source/portable/GCC/ARM_CM4F/port.o
 .debug_aranges
                0x00000f18       0x60 ./thirdparty/FreeRTOS/Source/portable/MemMang/heap_4.o

.debug_rnglists
                0x00000000      0xbe7
 .debug_rnglists
                0x00000000       0x34 ./Core/Src/main.o
 .debug_rnglists
                0x00000034       0x13 ./Core/Src/stm32f4xx_hal_msp.o
 .debug_rnglists
                0x00000047       0x20 ./Core/Src/stm32f4xx_hal_timebase_tim.o
 .debug_rnglists
                0x00000067       0x37 ./Core/Src/stm32f4xx_it.o
 .debug_rnglists
                0x0000009e       0x1a ./Core/Src/system_stm32f4xx.o
 .debug_rnglists
                0x000000b8       0x19 ./Core/Startup/startup_stm32f401ccux.o
 .debug_rnglists
                0x000000d1       0xaf ./Drivers/STM32F4xx_HAL_Driver/Src/stm32f4xx_hal.o
 .debug_rnglists
                0x00000180       0xb1 ./Drivers/STM32F4xx_HAL_Driver/Src/stm32f4xx_hal_adc.o
 .debug_rnglists
                0x00000231       0xd4 ./Drivers/STM32F4xx_HAL_Driver/Src/stm32f4xx_hal_cortex.o
 .debug_rnglists
                0x00000305       0x3f ./Drivers/STM32F4xx_HAL_Driver/Src/stm32f4xx_hal_gpio.o
 .debug_rnglists
                0x00000344       0x66 ./Drivers/STM32F4xx_HAL_Driver/Src/stm32f4xx_hal_rcc.o
 .debug_rnglists
                0x000003aa      0x31a ./Drivers/STM32F4xx_HAL_Driver/Src/stm32f4xx_hal_tim.o
 .debug_rnglists
                0x000006c4      0x125 ./Drivers/STM32F4xx_HAL_Driver/Src/stm32f4xx_hal_tim_ex.o
 .debug_rnglists
                0x000007e9       0x2b ./thirdparty/FreeRTOS/Source/list.o
 .debug_rnglists
                0x00000814       0xec ./thirdparty/FreeRTOS/Source/queue.o
 .debug_rnglists
                0x00000900      0x195 ./thirdparty/FreeRTOS/Source/tasks.o
 .debug_rnglists
                0x00000a95       0xad ./thirdparty/FreeRTOS/Source/timers.o
 .debug_rnglists
                0x00000b42       0x5d ./thirdparty/FreeRTOS/Source/portable/GCC/ARM_CM4F/port.o
 .debug_rnglists
                0x00000b9f       0x48 ./thirdparty/FreeRTOS/Source/portable/MemMang/heap_4.o

.debug_macro    0x00000000    0x17960
 .debug_macro   0x00000000      0x336 ./Core/Src/main.o
 .debug_macro   0x00000336      0xab4 ./Core/Src/main.o
 .debug_macro   0x00000dea      0x1d5 ./Core/Src/main.o
 .debug_macro   0x00000fbf       0x2e ./Core/Src/main.o
 .debug_macro   0x00000fed       0x28 ./Core/Src/main.o
 .debug_macro   0x00001015       0x22 ./Core/Src/main.o
 .debug_macro   0x00001037       0x8e ./Core/Src/main.o
 .debug_macro   0x000010c5       0x51 ./Core/Src/main.o
 .debug_macro   0x00001116      0x103 ./Core/Src/main.o
 .debug_macro   0x00001219       0x6a ./Core/Src/main.o
 .debug_macro   0x00001283      0x1df ./Core/Src/main.o
 .debug_macro   0x00001462       0x1c ./Core/Src/main.o
 .debug_macro   0x0000147e       0x22 ./Core/Src/main.o
 .debug_macro   0x000014a0       0xfb ./Core/Src/main.o
 .debug_macro   0x0000159b     0x1011 ./Core/Src/main.o
 .debug_macro   0x000025ac      0x11f ./Core/Src/main.o
 .debug_macro   0x000026cb     0xb86c ./Core/Src/main.o
 .debug_macro   0x0000df37       0x6d ./Core/Src/main.o
 .debug_macro   0x0000dfa4     0x368c ./Core/Src/main.o
 .debug_macro   0x00011630      0x189 ./Core/Src/main.o
 .debug_macro   0x000117b9       0x5c ./Core/Src/main.o
 .debug_macro   0x00011815      0x416 ./Core/Src/main.o
 .debug_macro   0x00011c2b      0x9e9 ./Core/Src/main.o
 .debug_macro   0x00012614      0x115 ./Core/Src/main.o
 .debug_macro   0x00012729       0xf8 ./Core/Src/main.o
 .debug_macro   0x00012821       0xa5 ./Core/Src/main.o
 .debug_macro   0x000128c6      0x287 ./Core/Src/main.o
 .debug_macro   0x00012b4d       0x5f ./Core/Src/main.o
 .debug_macro   0x00012bac      0x236 ./Core/Src/main.o
 .debug_macro   0x00012de2      0x31a ./Core/Src/main.o
 .debug_macro   0x000130fc      0x162 ./Core/Src/main.o
 .debug_macro   0x0001325e       0xd6 ./Core/Src/main.o
 .debug_macro   0x00013334      0x132 ./Core/Src/main.o
 .debug_macro   0x00013466      0x23a ./Core/Src/main.o
 .debug_macro   0x000136a0       0x2e ./Core/Src/main.o
 .debug_macro   0x000136ce      0x127 ./Core/Src/main.o
 .debug_macro   0x000137f5       0x85 ./Core/Src/main.o
 .debug_macro   0x0001387a       0x89 ./Core/Src/main.o
 .debug_macro   0x00013903      0x8ed ./Core/Src/main.o
 .debug_macro   0x000141f0       0x47 ./Core/Src/main.o
 .debug_macro   0x00014237      0x126 ./Core/Src/main.o
 .debug_macro   0x0001435d       0x61 ./Core/Src/main.o
 .debug_macro   0x000143be       0x2a ./Core/Src/main.o
 .debug_macro   0x000143e8       0x43 ./Core/Src/main.o
 .debug_macro   0x0001442b       0x34 ./Core/Src/main.o
 .debug_macro   0x0001445f       0x16 ./Core/Src/main.o
 .debug_macro   0x00014475       0x35 ./Core/Src/main.o
 .debug_macro   0x000144aa      0x369 ./Core/Src/main.o
 .debug_macro   0x00014813       0x10 ./Core/Src/main.o
 .debug_macro   0x00014823       0x16 ./Core/Src/main.o
 .debug_macro   0x00014839       0x43 ./Core/Src/main.o
 .debug_macro   0x0001487c       0x34 ./Core/Src/main.o
 .debug_macro   0x000148b0       0x10 ./Core/Src/main.o
 .debug_macro   0x000148c0       0x58 ./Core/Src/main.o
 .debug_macro   0x00014918       0x8e ./Core/Src/main.o
 .debug_macro   0x000149a6       0x1c ./Core/Src/main.o
 .debug_macro   0x000149c2      0x177 ./Core/Src/main.o
 .debug_macro   0x00014b39       0x16 ./Core/Src/main.o
 .debug_macro   0x00014b4f       0x16 ./Core/Src/main.o
 .debug_macro   0x00014b65      0x146 ./Core/Src/main.o
 .debug_macro   0x00014cab      0x100 ./Core/Src/main.o
 .debug_macro   0x00014dab      0x15a ./Core/Src/main.o
 .debug_macro   0x00014f05       0xea ./Core/Src/main.o
 .debug_macro   0x00014fef       0x28 ./Core/Src/main.o
 .debug_macro   0x00015017       0x1f ./Core/Src/main.o
 .debug_macro   0x00015036       0x12 ./Core/Src/main.o
 .debug_macro   0x00015048      0x526 ./Core/Src/main.o
 .debug_macro   0x0001556e       0xc3 ./Core/Src/main.o
 .debug_macro   0x00015631      0x120 ./Core/Src/main.o
 .debug_macro   0x00015751      0x1dd ./Core/Src/stm32f4xx_hal_msp.o
 .debug_macro   0x0001592e      0x1d7 ./Core/Src/stm32f4xx_hal_timebase_tim.o
 .debug_macro   0x00015b05      0x1e7 ./Core/Src/stm32f4xx_it.o
 .debug_macro   0x00015cec      0x1d3 ./Core/Src/system_stm32f4xx.o
 .debug_macro   0x00015ebf      0x233 ./Drivers/STM32F4xx_HAL_Driver/Src/stm32f4xx_hal.o
 .debug_macro   0x000160f2      0x1d4 ./Drivers/STM32F4xx_HAL_Driver/Src/stm32f4xx_hal_adc.o
 .debug_macro   0x000162c6      0x1d3 ./Drivers/STM32F4xx_HAL_Driver/Src/stm32f4xx_hal_cortex.o
 .debug_macro   0x00016499      0x1d9 ./Drivers/STM32F4xx_HAL_Driver/Src/stm32f4xx_hal_gpio.o
 .debug_macro   0x00016672      0x1f7 ./Drivers/STM32F4xx_HAL_Driver/Src/stm32f4xx_hal_rcc.o
 .debug_macro   0x00016869      0x1d4 ./Drivers/STM32F4xx_HAL_Driver/Src/stm32f4xx_hal_tim.o
 .debug_macro   0x00016a3d      0x1d3 ./Drivers/STM32F4xx_HAL_Driver/Src/stm32f4xx_hal_tim_ex.o
 .debug_macro   0x00016c10      0x198 ./thirdparty/FreeRTOS/Source/list.o
 .debug_macro   0x00016da8      0x22f ./thirdparty/FreeRTOS/Source/queue.o
 .debug_macro   0x00016fd7       0x16 ./thirdparty/FreeRTOS/Source/queue.o
 .debug_macro   0x00016fed       0x20 ./thirdparty/FreeRTOS/Source/queue.o
 .debug_macro   0x0001700d       0x80 ./thirdparty/FreeRTOS/Source/queue.o
 .debug_macro   0x0001708d      0x27e ./thirdparty/FreeRTOS/Source/tasks.o
 .debug_macro   0x0001730b       0x17 ./thirdparty/FreeRTOS/Source/tasks.o
 .debug_macro   0x00017322      0x1e7 ./thirdparty/FreeRTOS/Source/timers.o
 .debug_macro   0x00017509       0x97 ./thirdparty/FreeRTOS/Source/timers.o
 .debug_macro   0x000175a0      0x1a7 ./thirdparty/FreeRTOS/Source/portable/GCC/ARM_CM4F/port.o
 .debug_macro   0x00017747      0x219 ./thirdparty/FreeRTOS/Source/portable/MemMang/heap_4.o

.debug_line     0x00000000    0x113ee
 .debug_line    0x00000000      0xab9 ./Core/Src/main.o
 .debug_line    0x00000ab9      0x750 ./Core/Src/stm32f4xx_hal_msp.o
 .debug_line    0x00001209      0x7bf ./Core/Src/stm32f4xx_hal_timebase_tim.o
 .debug_line    0x000019c8      0x7ec ./Core/Src/stm32f4xx_it.o
 .debug_line    0x000021b4      0x7c8 ./Core/Src/system_stm32f4xx.o
 .debug_line    0x0000297c       0x7a ./Core/Startup/startup_stm32f401ccux.o
 .debug_line    0x000029f6      0xa31 ./Drivers/STM32F4xx_HAL_Driver/Src/stm32f4xx_hal.o
 .debug_line    0x00003427     0x1014 ./Drivers/STM32F4xx_HAL_Driver/Src/stm32f4xx_hal_adc.o
 .debug_line    0x0000443b      0xcf9 ./Drivers/STM32F4xx_HAL_Driver/Src/stm32f4xx_hal_cortex.o
 .debug_line    0x00005134      0xb81 ./Drivers/STM32F4xx_HAL_Driver/Src/stm32f4xx_hal_gpio.o
 .debug_line    0x00005cb5      0xda2 ./Drivers/STM32F4xx_HAL_Driver/Src/stm32f4xx_hal_rcc.o
 .debug_line    0x00006a57     0x35af ./Drivers/STM32F4xx_HAL_Driver/Src/stm32f4xx_hal_tim.o
 .debug_line    0x0000a006     0x19c2 ./Drivers/STM32F4xx_HAL_Driver/Src/stm32f4xx_hal_tim_ex.o
 .debug_line    0x0000b9c8      0x75a ./thirdparty/FreeRTOS/Source/list.o
 .debug_line    0x0000c122     0x1666 ./thirdparty/FreeRTOS/Source/queue.o
 .debug_line    0x0000d788     0x1db0 ./thirdparty/FreeRTOS/Source/tasks.o
 .debug_line    0x0000f538      0xca1 ./thirdparty/FreeRTOS/Source/timers.o
 .debug_line    0x000101d9      0x83a ./thirdparty/FreeRTOS/Source/portable/GCC/ARM_CM4F/port.o
 .debug_line    0x00010a13      0x9db ./thirdparty/FreeRTOS/Source/portable/MemMang/heap_4.o

.debug_str      0x00000000    0x978df
 .debug_str     0x00000000    0x908c8 ./Core/Src/main.o
                              0x90cb3 (size before relaxing)
 .debug_str     0x000908c8       0x2c ./Core/Src/stm32f4xx_hal_msp.o
                              0x87ce5 (size before relaxing)
 .debug_str     0x000908f4      0x71d ./Core/Src/stm32f4xx_hal_timebase_tim.o
                              0x8872a (size before relaxing)
 .debug_str     0x00091011       0xb5 ./Core/Src/stm32f4xx_it.o
                              0x88180 (size before relaxing)
 .debug_str     0x000910c6       0xdb ./Core/Src/system_stm32f4xx.o
                              0x87d95 (size before relaxing)
 .debug_str     0x000911a1       0x44 ./Core/Startup/startup_stm32f401ccux.o
                                 0x72 (size before relaxing)
 .debug_str     0x000911e5      0x5df ./Drivers/STM32F4xx_HAL_Driver/Src/stm32f4xx_hal.o
                              0x887b7 (size before relaxing)
 .debug_str     0x000917c4      0x299 ./Drivers/STM32F4xx_HAL_Driver/Src/stm32f4xx_hal_adc.o
                              0x88470 (size before relaxing)
 .debug_str     0x00091a5d      0x347 ./Drivers/STM32F4xx_HAL_Driver/Src/stm32f4xx_hal_cortex.o
                              0x884ef (size before relaxing)
 .debug_str     0x00091da4      0x131 ./Drivers/STM32F4xx_HAL_Driver/Src/stm32f4xx_hal_gpio.o
                              0x87f10 (size before relaxing)
 .debug_str     0x00091ed5      0x1fd ./Drivers/STM32F4xx_HAL_Driver/Src/stm32f4xx_hal_rcc.o
                              0x881c9 (size before relaxing)
 .debug_str     0x000920d2      0xe6e ./Drivers/STM32F4xx_HAL_Driver/Src/stm32f4xx_hal_tim.o
                              0x8910d (size before relaxing)
 .debug_str     0x00092f40      0x503 ./Drivers/STM32F4xx_HAL_Driver/Src/stm32f4xx_hal_tim_ex.o
                              0x88919 (size before relaxing)
 .debug_str     0x00093443      0x26c ./thirdparty/FreeRTOS/Source/list.o
                               0xb136 (size before relaxing)
 .debug_str     0x000936af     0x146a ./thirdparty/FreeRTOS/Source/queue.o
                               0xd835 (size before relaxing)
 .debug_str     0x00094b19     0x1ac0 ./thirdparty/FreeRTOS/Source/tasks.o
                               0xe247 (size before relaxing)
 .debug_str     0x000965d9      0x54b ./thirdparty/FreeRTOS/Source/timers.o
                               0xd9b5 (size before relaxing)
 .debug_str     0x00096b24      0x7dd ./thirdparty/FreeRTOS/Source/portable/GCC/ARM_CM4F/port.o
                               0x997d (size before relaxing)
 .debug_str     0x00097301      0x5de ./thirdparty/FreeRTOS/Source/portable/MemMang/heap_4.o
                               0xc960 (size before relaxing)

.comment        0x00000000       0x43
 .comment       0x00000000       0x43 ./Core/Src/main.o
                                 0x44 (size before relaxing)
 .comment       0x00000043       0x44 ./Core/Src/stm32f4xx_hal_msp.o
 .comment       0x00000043       0x44 ./Core/Src/stm32f4xx_hal_timebase_tim.o
 .comment       0x00000043       0x44 ./Core/Src/stm32f4xx_it.o
 .comment       0x00000043       0x44 ./Core/Src/system_stm32f4xx.o
 .comment       0x00000043       0x44 ./Drivers/STM32F4xx_HAL_Driver/Src/stm32f4xx_hal.o
 .comment       0x00000043       0x44 ./Drivers/STM32F4xx_HAL_Driver/Src/stm32f4xx_hal_adc.o
 .comment       0x00000043       0x44 ./Drivers/STM32F4xx_HAL_Driver/Src/stm32f4xx_hal_cortex.o
 .comment       0x00000043       0x44 ./Drivers/STM32F4xx_HAL_Driver/Src/stm32f4xx_hal_gpio.o
 .comment       0x00000043       0x44 ./Drivers/STM32F4xx_HAL_Driver/Src/stm32f4xx_hal_rcc.o
 .comment       0x00000043       0x44 ./Drivers/STM32F4xx_HAL_Driver/Src/stm32f4xx_hal_tim.o
 .comment       0x00000043       0x44 ./Drivers/STM32F4xx_HAL_Driver/Src/stm32f4xx_hal_tim_ex.o
 .comment       0x00000043       0x44 ./thirdparty/FreeRTOS/Source/list.o
 .comment       0x00000043       0x44 ./thirdparty/FreeRTOS/Source/queue.o
 .comment       0x00000043       0x44 ./thirdparty/FreeRTOS/Source/tasks.o
 .comment       0x00000043       0x44 ./thirdparty/FreeRTOS/Source/timers.o
 .comment       0x00000043       0x44 ./thirdparty/FreeRTOS/Source/portable/GCC/ARM_CM4F/port.o
 .comment       0x00000043       0x44 ./thirdparty/FreeRTOS/Source/portable/MemMang/heap_4.o

.debug_frame    0x00000000     0x4038
 .debug_frame   0x00000000       0xd4 ./Core/Src/main.o
 .debug_frame   0x000000d4       0x38 ./Core/Src/stm32f4xx_hal_msp.o
 .debug_frame   0x0000010c       0x74 ./Core/Src/stm32f4xx_hal_timebase_tim.o
 .debug_frame   0x00000180       0xc4 ./Core/Src/stm32f4xx_it.o
 .debug_frame   0x00000244       0x58 ./Core/Src/system_stm32f4xx.o
 .debug_frame   0x0000029c      0x374 ./Drivers/STM32F4xx_HAL_Driver/Src/stm32f4xx_hal.o
 .debug_frame   0x00000610      0x3fc ./Drivers/STM32F4xx_HAL_Driver/Src/stm32f4xx_hal_adc.o
 .debug_frame   0x00000a0c      0x4b8 ./Drivers/STM32F4xx_HAL_Driver/Src/stm32f4xx_hal_cortex.o
 .debug_frame   0x00000ec4      0x14c ./Drivers/STM32F4xx_HAL_Driver/Src/stm32f4xx_hal_gpio.o
 .debug_frame   0x00001010      0x1f4 ./Drivers/STM32F4xx_HAL_Driver/Src/stm32f4xx_hal_rcc.o
 .debug_frame   0x00001204     0x11b8 ./Drivers/STM32F4xx_HAL_Driver/Src/stm32f4xx_hal_tim.o
 .debug_frame   0x000023bc      0x638 ./Drivers/STM32F4xx_HAL_Driver/Src/stm32f4xx_hal_tim_ex.o
 .debug_frame   0x000029f4       0xd8 ./thirdparty/FreeRTOS/Source/list.o
 .debug_frame   0x00002acc      0x530 ./thirdparty/FreeRTOS/Source/queue.o
 .debug_frame   0x00002ffc      0x8a8 ./thirdparty/FreeRTOS/Source/tasks.o
 .debug_frame   0x000038a4      0x3c8 ./thirdparty/FreeRTOS/Source/timers.o
 .debug_frame   0x00003c6c      0x1a8 ./thirdparty/FreeRTOS/Source/portable/GCC/ARM_CM4F/port.o
 .debug_frame   0x00003e14      0x150 ./thirdparty/FreeRTOS/Source/portable/MemMang/heap_4.o
 .debug_frame   0x00003f64       0x20 C:/ST/STM32CubeIDE_1.16.0/STM32CubeIDE/plugins/com.st.stm32cube.ide.mcu.externaltools.gnu-tools-for-stm32.12.3.rel1.win32_1.0.200.202406191623/tools/bin/../lib/gcc/arm-none-eabi/12.3.1/../../../../arm-none-eabi/lib/thumb/v7e-m+fp/hard\libc_nano.a(libc_a-memset.o)
 .debug_frame   0x00003f84       0x2c C:/ST/STM32CubeIDE_1.16.0/STM32CubeIDE/plugins/com.st.stm32cube.ide.mcu.externaltools.gnu-tools-for-stm32.12.3.rel1.win32_1.0.200.202406191623/tools/bin/../lib/gcc/arm-none-eabi/12.3.1/../../../../arm-none-eabi/lib/thumb/v7e-m+fp/hard\libc_nano.a(libc_a-init.o)
 .debug_frame   0x00003fb0       0x28 C:/ST/STM32CubeIDE_1.16.0/STM32CubeIDE/plugins/com.st.stm32cube.ide.mcu.externaltools.gnu-tools-for-stm32.12.3.rel1.win32_1.0.200.202406191623/tools/bin/../lib/gcc/arm-none-eabi/12.3.1/../../../../arm-none-eabi/lib/thumb/v7e-m+fp/hard\libc_nano.a(libc_a-memcpy-stub.o)
 .debug_frame   0x00003fd8       0x2c C:/ST/STM32CubeIDE_1.16.0/STM32CubeIDE/plugins/com.st.stm32cube.ide.mcu.externaltools.gnu-tools-for-stm32.12.3.rel1.win32_1.0.200.202406191623/tools/bin/../lib/gcc/arm-none-eabi/12.3.1/thumb/v7e-m+fp/hard\libgcc.a(_aeabi_uldivmod.o)
 .debug_frame   0x00004004       0x34 C:/ST/STM32CubeIDE_1.16.0/STM32CubeIDE/plugins/com.st.stm32cube.ide.mcu.externaltools.gnu-tools-for-stm32.12.3.rel1.win32_1.0.200.202406191623/tools/bin/../lib/gcc/arm-none-eabi/12.3.1/thumb/v7e-m+fp/hard\libgcc.a(_udivmoddi4.o)

.debug_line_str
                0x00000000       0x56
 .debug_line_str
                0x00000000       0x56 ./Core/Startup/startup_stm32f401ccux.o
